{
  "tweets": [
    {
      "id": 30,
      "tweet": "ツイート 30",
      "created_at": "2020-01-01T00:00:00+09:00",
      "user": {
        "id": 5,
        "name": "橋本 五郎",
        "icon": "https://icon/5",
        "profile": "こんにちは。橋本五郎です。",
        "is_follower": false,
        "followee_count": 0
      },
      "like": 0,
      "is_liked": false
    },
    {
      "id": 29,
      "tweet": "ツイート 29",
      "created_at": "2020-01-01T00:00:00+09:00",
      "user": {
        "id": 4,
        "name": "高橋 四郎",
        "icon": "https://icon/4",
        "profile": "こんにちは。高橋四郎です。",
        "is_follower": false,
        "followee_count": 0
      },
      "like": 0,
      "is_liked": false
    },
    {
      "id": 28,
      "tweet": "ツイート 28",
      "created_at": "2020-01-01T00:00:00+09:00",
      "user": {
        "id": 3,
        "name": "田中 三郎",
        "icon": "https://icon/3",
        "profile": "こんにちは。田中三郎です。",
        "is_follower": false,
        "followee_count": 0
      },
      "like": 0,
      "is_liked": false
    },
    {
      "id": 27,
      "tweet": "ツイート 27",
      "created_at": "2020-01-01T00:00:00+09:00",
      "user": {
        "id": 2,
        "name": "佐藤 二郎",
        "icon": "https://icon/2",
        "profile": "こんにちは。佐藤二郎です。",
        "is_follower": false,
        "followee_count": 0
      },
      "like": 0,
      "is_liked": false
    },
    {
      "id": 26,
      "tweet": "ツイート 26",
      "created_at": "2020-01-01T00:00:00+09:00",
      "user": {
        "id": 1,
        "name": "鈴木 一郎",
        "icon": "https://icon/1",
        "profile": "こんにちは。鈴木一郎です。",
        "is_follower": false,
        "followee_count": 0
      },
      "like": 0,
      "is_liked": false
    },
    {
      "id": 25,
      "tweet": "ツイート 25",
      "created_at": "2020-01-01T00:00:00+09:00",
      "user": {
        "id": 5,
        "name": "橋本 五郎",
        "icon": "https://icon/5",
        "profile": "こんにちは。橋本五郎です。",
        "is_follower": false,
        "followee_count": 0
      },
      "like": 0,
      "is_liked": false
    },
    {
      "id": 24,
      "tweet": "ツイート 24",
      "created_at": "2020-01-01T00:00:00+09:00",
      "user": {
        "id": 4,
        "name": "高橋 四郎",
        "icon": "https://icon/4",
        "profile": "こんにちは。高橋四郎です。",
        "is_follower": false,
        "followee_count": 0
      },
      "like": 0,
      "is_liked": false
    },
    {
      "id": 23,
      "tweet": "ツイート 23",
      "created_at": "2020-01-01T00:00:00+09:00",
      "user": {
        "id": 3,
        "name": "田中 三郎",
        "icon": "https://icon/3",
        "profile": "こんにちは。田中三郎です。",
        "is_follower": false,
        "followee_count": 0
      },
      "like": 0,
      "is_liked": false
    },
    {
      "id": 22,
      "tweet": "ツイート 22",
      "created_at": "2020-01-01T00:00:00+09:00",
      "user": {
        "id": 2,
        "name": "佐藤 二郎",
        "icon": "https://icon/2",
        "profile": "こんにちは。佐藤二郎です。",
        "is_follower": false,
        "followee_count": 0
      },
      "like": 0,
      "is_liked": false
    },
    {
      "id": 21,
      "tweet": "ツイート 21",
      "created_at": "2020-01-01T00:00:00+09:00",
      "user": {
        "id": 1,
        "name": "鈴木 一郎",
        "icon": "https://icon/1",
        "profile": "こんにちは。鈴木一郎です。",
        "is_follower": false,
        "followee_count": 0
      },
      "like": 0,
      "is_liked": false
    },
    {
      "id": 20,
      "tweet": "ツイート 20",
      "created_at": "2020-01-01T00:00:00+09:00",
      "user": {
        "id": 5,
        "name": "橋本 五郎",
        "icon": "https://icon/5",
        "profile": "こんにちは。橋本五郎です。",
        "is_follower": false,
        "followee_count": 0
      },
      "like": 0,
      "is_liked": false
    },
    {
      "id": 19,
      "tweet": "ツイート 19",
      "created_at": "2020-01-01T00:00:00+09:00",
      "user": {
        "id": 4,
        "name": "高橋 四郎",
        "icon": "https://icon/4",
        "profile": "こんにちは。高橋四郎です。",
        "is_follower": false,
        "followee_count": 0
      },
      "like": 0,
      "is_liked": false
    },
    {
      "id": 18,
      "tweet": "ツイート 18",
      "created_at": "2020-01-01T00:00:00+09:00",
      "user": {
        "id": 3,
        "name": "田中 三郎",
        "icon": "https://icon/3",
        "profile": "こんにちは。田中三郎です。",
        "is_follower": false,
        "followee_count": 0
      },
      "like": 0,
      "is_liked": false
    },
    {
      "id": 17,
      "tweet": "ツイート 17",
      "created_at": "2020-01-01T00:00:00+09:00",
      "user": {
        "id": 2,
        "name": "佐藤 二郎",
        "icon": "https://icon/2",
        "profile": "こんにちは。佐藤二郎です。",
        "is_follower": false,
        "followee_count": 0
      },
      "like": 0,
      "is_liked": false
    },
    {
      "id": 16,
      "tweet": "ツイート 16",
      "created_at": "2020-01-01T00:00:00+09:00",
      "user": {
        "id": 1,
        "name": "鈴木 一郎",
        "icon": "https://icon/1",
        "profile": "こんにちは。鈴木一郎です。",
        "is_follower": false,
        "followee_count": 0
      },
      "like": 0,
      "is_liked": false
    },
    {
      "id": 15,
      "tweet": "ツイート 15",
      "created_at": "2020-01-01T00:00:00+09:00",
      "user": {
        "id": 5,
        "name": "橋本 五郎",
        "icon": "https://icon/5",
        "profile": "こんにちは。橋本五郎です。",
        "is_follower": false,
        "followee_count": 0
      },
      "like": 0,
      "is_liked": false
    },
    {
      "id": 14,
      "tweet": "ツイート 14",
      "created_at": "2020-01-01T00:00:00+09:00",
      "user": {
        "id": 4,
        "name": "高橋 四郎",
        "icon": "https://icon/4",
        "profile": "こんにちは。高橋四郎です。",
        "is_follower": false,
        "followee_count": 0
      },
      "like": 0,
      "is_liked": false
    },
    {
      "id": 13,
      "tweet": "ツイート 13",
      "created_at": "2020-01-01T00:00:00+09:00",
      "user": {
        "id": 3,
        "name": "田中 三郎",
        "icon": "https://icon/3",
        "profile": "こんにちは。田中三郎です。",
        "is_follower": false,
        "followee_count": 0
      },
      "like": 0,
      "is_liked": false
    },
    {
      "id": 12,
      "tweet": "ツイート 12",
      "created_at": "2020-01-01T00:00:00+09:00",
      "user": {
        "id": 2,
        "name": "佐藤 二郎",
        "icon": "https://icon/2",
        "profile": "こんにちは。佐藤二郎です。",
        "is_follower": false,
        "followee_count": 0
      },
      "like": 0,
      "is_liked": false
    },
    {
      "id": 11,
      "tweet": "ツイート 11",
      "created_at": "2020-01-01T00:00:00+09:00",
      "user": {
        "id": 1,
        "name": "鈴木 一郎",
        "icon": "https://icon/1",
        "profile": "こんにちは。鈴木一郎です。",
        "is_follower": false,
        "followee_count": 0
      },
      "like": 0,
      "is_liked": false
    },
    {
      "id": 10,
      "tweet": "ツイート 10",
      "created_at": "2020-01-01T00:00:00+09:00",
      "user": {
        "id": 5,
        "name": "橋本 五郎",
        "icon": "https://icon/5",
        "profile": "こんにちは。橋本五郎です。",
        "is_follower": false,
        "followee_count": 0
      },
      "like": 0,
      "is_liked": false
    },
    {
      "id": 9,
      "tweet": "ツイート 9",
      "created_at": "2020-01-01T00:00:00+09:00",
      "user": {
        "id": 4,
        "name": "高橋 四郎",
        "icon": "https://icon/4",
        "profile": "こんにちは。高橋四郎です。",
        "is_follower": false,
        "followee_count": 0
      },
      "like": 0,
      "is_liked": false
    },
    {
      "id": 8,
      "tweet": "ツイート 8",
      "created_at": "2020-01-01T00:00:00+09:00",
      "user": {
        "id": 3,
        "name": "田中 三郎",
        "icon": "https://icon/3",
        "profile": "こんにちは。田中三郎です。",
        "is_follower": false,
        "followee_count": 0
      },
      "like": 0,
      "is_liked": false
    },
    {
      "id": 7,
      "tweet": "ツイート 7",
      "created_at": "2020-01-01T00:00:00+09:00",
      "user": {
        "id": 2,
        "name": "佐藤 二郎",
        "icon": "https://icon/2",
        "profile": "こんにちは。佐藤二郎です。",
        "is_follower": false,
        "followee_count": 0
      },
      "like": 0,
      "is_liked": false
    },
    {
      "id": 6,
      "tweet": "ツイート 6",
      "created_at": "2020-01-01T00:00:00+09:00",
      "user": {
        "id": 1,
        "name": "鈴木 一郎",
        "icon": "https://icon/1",
        "profile": "こんにちは。鈴木一郎です。",
        "is_follower": false,
        "followee_count": 0
      },
      "like": 0,
      "is_liked": false
    },
    {
      "id": 5,
      "tweet": "ツイート 5",
      "created_at": "2020-01-01T00:00:00+09:00",
      "user": {
        "id": 5,
        "name": "橋本 五郎",
        "icon": "https://icon/5",
        "profile": "こんにちは。橋本五郎です。",
        "is_follower": false,
        "followee_count": 0
      },
      "like": 0,
      "is_liked": false
    },
    {
      "id": 4,
      "tweet": "ツイート 4",
      "created_at": "2020-01-01T00:00:00+09:00",
      "user": {
        "id": 4,
        "name": "高橋 四郎",
        "icon": "https://icon/4",
        "profile": "こんにちは。高橋四郎です。",
        "is_follower": false,
        "followee_count": 0
      },
      "like": 0,
      "is_liked": false
    },
    {
      "id": 3,
      "tweet": "ツイート 3",
      "created_at": "2020-01-01T00:00:00+09:00",
      "user": {
        "id": 3,
        "name": "田中 三郎",
        "icon": "https://icon/3",
        "profile": "こんにちは。田中三郎です。",
        "is_follower": false,
        "followee_count": 0
      },
      "like": 0,
      "is_liked": false
    },
    {
      "id": 2,
      "tweet": "ツイート 2",
      "created_at": "2020-01-01T00:00:00+09:00",
      "user": {
        "id": 2,
        "name": "佐藤 二郎",
        "icon": "https://icon/2",
        "profile": "こんにちは。佐藤二郎です。",
        "is_follower": false,
        "followee_count": 0
      },
      "like": 0,
      "is_liked": false
    },
    {
      "id": 1,
      "tweet": "ツイート 1",
      "created_at": "2020-01-01T00:00:00+09:00",
      "user": {
        "id": 1,
        "name": "鈴木 一郎",
        "icon": "https://icon/1",
        "profile": "こんにちは。鈴木一郎です。",
        "is_follower": false,
        "followee_count": 0
      },
      "like": 0,
      "is_liked": false
    }
  ],
  "contains_first_tweet": true
}
