{
  "message": "Key: 'createTweetRequest.Tweet' Error:Field validation for 'Tweet' failed on the 'required' tag"
}
