{
  "tweets": [
    {
      "id": 30,
      "tweet": "ツイート 30",
      "created_at": "2020-03-10T22:00:26+09:00",
      "user": {
        "id": 5,
        "name": "橋本 五郎",
        "icon": "https://icon/5",
        "profile": "こんにちは。橋本五郎です。",
        "is_follower": false,
        "followee_count": 0
      },
      "like": 0,
      "is_liked": false
    },
    {
      "id": 29,
      "tweet": "ツイート 29",
      "created_at": "2020-03-10T22:00:26+09:00",
      "user": {
        "id": 4,
        "name": "高橋 四郎",
        "icon": "https://icon/4",
        "profile": "こんにちは。高橋四郎です。",
        "is_follower": false,
        "followee_count": 0
      },
      "like": 0,
      "is_liked": false
    }
  ],
  "contains_first_tweet": false
}
