{
  "id": 1,
  "tweet": "ツイート 1",
  "created_at": "2020-01-01T00:00:00+09:00",
  "user": {
    "id": 1,
    "name": "鈴木 一郎",
    "icon": "https://icon/1",
    "profile": "こんにちは。鈴木一郎です。",
    "is_follower": false,
    "followee_count": 0
  },
  "like": 1,
  "is_liked": true
}
